UartRingbuffer_multi.c:42:6:Ringbuf_init	0	static
UartRingbuffer_multi.c:58:6:store_char	0	static
UartRingbuffer_multi.c:73:5:Look_for	16	static
UartRingbuffer_multi.c:100:6:GetDataFromBuffer	32	static
UartRingbuffer_multi.c:158:6:Uart_flush	16	static
UartRingbuffer_multi.c:173:5:Uart_peek	0	static
UartRingbuffer_multi.c:202:5:Uart_read	0	static
UartRingbuffer_multi.c:237:6:Uart_write	8	static
UartRingbuffer_multi.c:271:5:IsDataAvailable	0	static
UartRingbuffer_multi.c:292:6:Uart_sendstring	16	static
UartRingbuffer_multi.c:297:6:Uart_printbase	56	static
UartRingbuffer_multi.c:318:5:Copy_upto	48	static
UartRingbuffer_multi.c:354:5:Wait_for	24	static
UartRingbuffer_multi.c:280:5:Get_after	24	static
UartRingbuffer_multi.c:385:6:Uart_isr	0	static
