main.c:76:6:log	16	static
main.c:79:6:wifisend	16	static
main.c:83:6:HAL_UART_RxCpltCallback	16	static
main.c:119:6:sendCommand	208	static
main.c:131:6:readLineUart	24	static
main.c:141:5:checkCommandUart2	4	static
main.c:186:5:main	4248	static
main.c:378:6:SystemClock_Config	88	static
main.c:423:13:MX_ADC1_Init	24	static
main.c:473:13:MX_USART1_UART_Init	8	static
main.c:506:13:MX_USART2_UART_Init	8	static
main.c:539:13:MX_GPIO_Init	48	static
main.c:595:6:Error_Handler	4	static,ignoring_inline_asm
